// Jest Snapshot v1, https://goo.gl/fbAQLP

exports[`Pruebas en <GifItem /> Debe hacer match con el snapshot 1`] = `
<div>
  <div
    class="card"
  >
    <img
      alt="Disney Princess Beauty GIF by Disney"
      src="https://media1.giphy.com/media/RLVHPJJv7jY1q/giphy.gif?cid=3651eed2e5iar3hh2engbqqg06v5obra3wi81u227k2oxbud&ep=v1_gifs_search&rid=giphy.gif&ct=g"
    />
    <p>
      Disney Princess Beauty GIF by Disney
    </p>
  </div>
</div>
`;
